---
source: crates/syntax/tests/parser.rs
expression: parse(tokens.as_slice())
---
Ok(
    SourceFile {
        span: 0..9,
        statements: StatementList {
            span: 0..9,
            statements: [],
            tail: Some(
                ExpressionStatement {
                    span: 0..9,
                    attributes: [],
                    expression: Call(
                        Call {
                            span: 0..9,
                            name: QualifiedName {
                                span: 0..3,
                                parts: [
                                    Identifier {
                                        span: 0..3,
                                        name: "foo",
                                    },
                                ],
                            },
                            arguments: ArgumentList {
                                span: 3..9,
                                arguments: [
                                    Unnamed(
                                        UnnamedArgument {
                                            span: 4..5,
                                            value: Literal(
                                                Integer(
                                                    IntegerLiteral {
                                                        span: 4..5,
                                                        value: 1,
                                                    },
                                                ),
                                            ),
                                        },
                                    ),
                                    Unnamed(
                                        UnnamedArgument {
                                            span: 7..8,
                                            value: Literal(
                                                Integer(
                                                    IntegerLiteral {
                                                        span: 7..8,
                                                        value: 2,
                                                    },
                                                ),
                                            ),
                                        },
                                    ),
                                ],
                            },
                        },
                    ),
                },
            ),
            tail_comment: None,
        },
    },
)
