---
source: crates/syntax/tests/parser.rs
expression: parse(tokens.as_slice())
---
Ok(
    SourceFile {
        span: 0..8,
        statements: StatementList {
            span: 0..8,
            statements: [
                Use(
                    UseStatement {
                        span: 0..7,
                        visibility: None,
                        name: UseName {
                            span: 4..7,
                            parts: [
                                Identifier(
                                    Identifier {
                                        span: 4..7,
                                        name: "foo",
                                    },
                                ),
                            ],
                        },
                        use_as: None,
                    },
                ),
            ],
            tail: None,
        },
    },
)
