---
source: crates/syntax/tests/parser.rs
expression: parse(tokens.as_slice())
---
Ok(
    SourceFile {
        span: 0..16,
        statements: StatementList {
            span: 0..16,
            statements: [],
            tail: Some(
                ExpressionStatement {
                    span: 0..16,
                    attributes: [],
                    expression: Call(
                        Call {
                            span: 0..16,
                            name: QualifiedName {
                                span: 0..3,
                                parts: [
                                    Identifier {
                                        span: 0..3,
                                        name: "foo",
                                    },
                                ],
                            },
                            arguments: ArgumentList {
                                span: 4..15,
                                leading_comment: None,
                                arguments: [
                                    Unnamed(
                                        UnnamedArgument {
                                            span: 4..5,
                                            leading_comment: None,
                                            value: QualifiedName(
                                                QualifiedName {
                                                    span: 4..5,
                                                    parts: [
                                                        Identifier {
                                                            span: 4..5,
                                                            name: "a",
                                                        },
                                                    ],
                                                },
                                            ),
                                            trailing_comment: None,
                                        },
                                    ),
                                    Named(
                                        NamedArgument {
                                            span: 7..12,
                                            leading_comment: None,
                                            name: Identifier {
                                                span: 7..8,
                                                name: "b",
                                            },
                                            value: Literal(
                                                Integer(
                                                    IntegerLiteral {
                                                        span: 11..12,
                                                        value: 2,
                                                    },
                                                ),
                                            ),
                                            trailing_comment: None,
                                        },
                                    ),
                                    Unnamed(
                                        UnnamedArgument {
                                            span: 14..15,
                                            leading_comment: None,
                                            value: Literal(
                                                Integer(
                                                    IntegerLiteral {
                                                        span: 14..15,
                                                        value: 3,
                                                    },
                                                ),
                                            ),
                                            trailing_comment: None,
                                        },
                                    ),
                                ],
                            },
                        },
                    ),
                },
            ),
            tail_comment: None,
        },
    },
)
