---
source: crates/syntax/tests/parser.rs
expression: parse(tokens.as_slice())
---
Ok(
    SourceFile {
        span: 13..14,
        statements: StatementList {
            span: 13..14,
            statements: [],
            tail: Some(
                ExpressionStatement {
                    span: 13..14,
                    attributes: [],
                    expression: Literal(
                        String(
                            StringLiteral {
                                span: 13..14,
                                content: "plain string",
                            },
                        ),
                    ),
                },
            ),
            tail_comment: None,
        },
    },
)
