---
source: crates/syntax/tests/parser.rs
expression: parse(tokens.as_slice())
---
Ok(
    SourceFile {
        span: 0..4,
        statements: StatementList {
            span: 0..4,
            statements: [],
            tail: Some(
                ExpressionStatement {
                    span: 0..4,
                    attributes: [],
                    expression: Tuple(
                        TupleExpression {
                            span: 0..4,
                            values: [
                                TupleItem {
                                    span: 1..2,
                                    leading_comment: None,
                                    name: None,
                                    value: Literal(
                                        Integer(
                                            IntegerLiteral {
                                                span: 1..2,
                                                value: 1,
                                            },
                                        ),
                                    ),
                                    trailing_comment: None,
                                },
                            ],
                        },
                    ),
                },
            ),
            tail_comment: None,
        },
    },
)
