---
source: crates/syntax/tests/parser.rs
expression: parse(tokens.as_slice())
---
Ok(
    SourceFile {
        span: 0..14,
        statements: StatementList {
            span: 0..14,
            extras: ItemExtras {
                leading: [],
                trailing: [],
            },
            statements: [
                Assignment(
                    Assignment {
                        span: 0..13,
                        extras: ItemExtras {
                            leading: [],
                            trailing: [],
                        },
                        doc: None,
                        attributes: [],
                        visibility: None,
                        qualifier: Some(
                            Const,
                        ),
                        name: Identifier {
                            span: 6..9,
                            name: "FOO",
                        },
                        ty: None,
                        value: Literal(
                            Literal {
                                span: 12..13,
                                extras: ItemExtras {
                                    leading: [],
                                    trailing: [],
                                },
                                literal: Integer(
                                    IntegerLiteral {
                                        span: 12..13,
                                        value: 1,
                                    },
                                ),
                            },
                        ),
                    },
                ),
            ],
            tail: None,
        },
    },
)
