---
source: crates/syntax/tests/parser.rs
expression: parse(input).map(|doc| doc.ast)
---
Ok(
    Source {
        span: 0..22,
        statements: StatementList {
            span: 0..22,
            extras: ItemExtras {
                leading: LeadingExtras(
                    [],
                ),
                trailing: TrailingExtras(
                    [],
                ),
            },
            statements: [
                (
                    Function(
                        FunctionDefinition {
                            span: 0..22,
                            keyword_span: 0..2,
                            extras: ItemExtras {
                                leading: LeadingExtras(
                                    [],
                                ),
                                trailing: TrailingExtras(
                                    [],
                                ),
                            },
                            doc: DocBlock {
                                span: 0..22,
                                lines: [],
                            },
                            attributes: [],
                            visibility: None,
                            name: Identifier {
                                span: 3..6,
                                name: "foo",
                            },
                            parameters: ParameterList {
                                span: 7..17,
                                extras: ItemExtras {
                                    leading: LeadingExtras(
                                        [
                                            Comment(
                                                Comment {
                                                    span: 7..17,
                                                    inner: MultiLine(
                                                        "test",
                                                    ),
                                                },
                                            ),
                                        ],
                                    ),
                                    trailing: TrailingExtras(
                                        [],
                                    ),
                                },
                                parameters: [],
                            },
                            return_type: None,
                            body: Body {
                                span: 19..22,
                                statements: StatementList {
                                    span: 20..21,
                                    extras: ItemExtras {
                                        leading: LeadingExtras(
                                            [],
                                        ),
                                        trailing: TrailingExtras(
                                            [],
                                        ),
                                    },
                                    statements: [],
                                    tail: Some(
                                        Expression(
                                            ExpressionStatement {
                                                span: 20..21,
                                                extras: ItemExtras {
                                                    leading: LeadingExtras(
                                                        [],
                                                    ),
                                                    trailing: TrailingExtras(
                                                        [],
                                                    ),
                                                },
                                                attributes: [],
                                                expression: Literal(
                                                    Literal {
                                                        span: 20..21,
                                                        extras: ItemExtras {
                                                            leading: LeadingExtras(
                                                                [],
                                                            ),
                                                            trailing: TrailingExtras(
                                                                [],
                                                            ),
                                                        },
                                                        literal: Integer(
                                                            IntegerLiteral {
                                                                span: 20..21,
                                                                value: 2,
                                                                raw: "2",
                                                            },
                                                        ),
                                                    },
                                                ),
                                            },
                                        ),
                                    ),
                                },
                            },
                        },
                    ),
                    TrailingExtras(
                        [],
                    ),
                ),
            ],
            tail: None,
        },
    },
)
