---
source: crates/syntax/tests/parser.rs
expression: parse(tokens.as_slice())
---
Ok(
    SourceFile {
        span: 45..46,
        statements: StatementList {
            span: 45..46,
            statements: [],
            tail: Some(
                String(
                    FormatString {
                        span: 45..46,
                        parts: [
                            Content(
                                StringContent {
                                    span: 1..8,
                                    content: "string ",
                                },
                            ),
                            Expression(
                                StringExpression {
                                    span: 33..34,
                                    expression: BinaryOperation(
                                        BinaryOperation {
                                            span: 9..30,
                                            lhs: Identifier(
                                                Identifier {
                                                    span: 9..17,
                                                    name: "formated",
                                                },
                                            ),
                                            operation: Subtract,
                                            rhs: Identifier(
                                                Identifier {
                                                    span: 20..30,
                                                    name: "expression",
                                                },
                                            ),
                                        },
                                    ),
                                    accuracy: Some(
                                        Ok(
                                            5,
                                        ),
                                    ),
                                    width: None,
                                },
                            ),
                            Content(
                                StringContent {
                                    span: 34..45,
                                    content: " expression",
                                },
                            ),
                        ],
                    },
                ),
            ),
        },
    },
)
