---
source: crates/syntax/tests/parser.rs
expression: parse(tokens.as_slice())
---
Err(
    [
        ParseError {
            span: 0..15,
            error: found 'Normal(
                DocComment(
                    "/// Doc comment",
                ),
            )' at 0..15 expected statement, expression, or end of input,
        },
    ],
)
