---
source: crates/syntax/tests/parser.rs
expression: parse(tokens.as_slice())
---
Ok(
    SourceFile {
        span: 0..4,
        statements: StatementList {
            span: 0..4,
            statements: [],
            tail: Some(
                Tuple(
                    TupleExpression {
                        span: 0..4,
                        values: [
                            (
                                None,
                                Literal(
                                    Integer(
                                        IntegerLiteral {
                                            span: 1..2,
                                            value: 1,
                                        },
                                    ),
                                ),
                            ),
                        ],
                    },
                ),
            ),
        },
    },
)
