---
source: crates/syntax/tests/parser.rs
expression: parse(tokens.as_slice())
---
Ok(
    SourceFile {
        span: 0..35,
        statements: StatementList {
            span: 0..35,
            statements: [
                Function(
                    FunctionDefinition {
                        span: 0..35,
                        doc: None,
                        visibility: None,
                        name: Identifier {
                            span: 3..6,
                            name: "foo",
                        },
                        arguments: [
                            ArgumentDefinition {
                                span: 7..16,
                                name: Identifier {
                                    span: 7..8,
                                    name: "a",
                                },
                                ty: Some(
                                    Single(
                                        SingleType {
                                            span: 10..16,
                                            name: "Length",
                                        },
                                    ),
                                ),
                                default: None,
                            },
                        ],
                        return_type: Some(
                            Single(
                                SingleType {
                                    span: 21..27,
                                    name: "Length",
                                },
                            ),
                        ),
                        body: StatementList {
                            span: 29..34,
                            statements: [],
                            tail: Some(
                                ExpressionStatement {
                                    span: 29..34,
                                    attributes: [],
                                    expression: BinaryOperation(
                                        BinaryOperation {
                                            span: 29..34,
                                            lhs: QualifiedName(
                                                QualifiedName {
                                                    span: 29..30,
                                                    parts: [
                                                        Identifier {
                                                            span: 29..30,
                                                            name: "a",
                                                        },
                                                    ],
                                                },
                                            ),
                                            operation: Multiply,
                                            rhs: Literal(
                                                Integer(
                                                    IntegerLiteral {
                                                        span: 33..34,
                                                        value: 2,
                                                    },
                                                ),
                                            ),
                                        },
                                    ),
                                },
                            ),
                            tail_comment: None,
                        },
                    },
                ),
            ],
            tail: None,
            tail_comment: None,
        },
    },
)
