---
source: crates/syntax/tests/parser.rs
expression: parse(tokens.as_slice())
---
Ok(
    SourceFile {
        span: 34..35,
        statements: StatementList {
            span: 34..35,
            extras: ItemExtras {
                leading: [],
                trailing: [],
            },
            statements: [],
            tail: Some(
                ExpressionStatement {
                    span: 34..35,
                    extras: ItemExtras {
                        leading: [],
                        trailing: [],
                    },
                    attributes: [],
                    expression: Literal(
                        Literal {
                            extras: ItemExtras {
                                leading: [],
                                trailing: [],
                            },
                            literal: String(
                                StringLiteral {
                                    span: 34..35,
                                    content: "string { with } escaped bracket",
                                },
                            ),
                        },
                    ),
                },
            ),
        },
    },
)
