---
source: crates/syntax/tests/parser.rs
expression: parse(tokens.as_slice())
---
Ok(
    SourceFile {
        span: 0..27,
        statements: StatementList {
            span: 0..27,
            statements: [],
            tail: Some(
                ExpressionStatement {
                    span: 0..27,
                    attributes: [],
                    expression: Tuple(
                        TupleExpression {
                            span: 0..27,
                            values: [
                                (
                                    Some(
                                        Identifier {
                                            span: 1..7,
                                            name: "length",
                                        },
                                    ),
                                    Literal(
                                        Integer(
                                            IntegerLiteral {
                                                span: 10..11,
                                                value: 1,
                                            },
                                        ),
                                    ),
                                ),
                                (
                                    Some(
                                        Identifier {
                                            span: 13..18,
                                            name: "width",
                                        },
                                    ),
                                    BinaryOperation(
                                        BinaryOperation {
                                            span: 21..26,
                                            lhs: Literal(
                                                Integer(
                                                    IntegerLiteral {
                                                        span: 21..22,
                                                        value: 1,
                                                    },
                                                ),
                                            ),
                                            operation: Add,
                                            rhs: Literal(
                                                Integer(
                                                    IntegerLiteral {
                                                        span: 25..26,
                                                        value: 1,
                                                    },
                                                ),
                                            ),
                                        },
                                    ),
                                ),
                            ],
                        },
                    ),
                },
            ),
        },
    },
)
