---
source: crates/syntax/tests/parser.rs
expression: parse(tokens.as_slice())
---
Ok(
    SourceFile {
        span: 0..50,
        statements: StatementList {
            span: 0..50,
            extras: ItemExtras {
                leading: [],
                trailing: [],
            },
            statements: [
                (
                    Module(
                        ModuleDefinition {
                            span: 0..50,
                            keyword_span: 20..23,
                            extras: ItemExtras {
                                leading: [],
                                trailing: [],
                            },
                            doc: Some(
                                Comment {
                                    span: 0..20,
                                    inner: SingleLine(
                                        [
                                            "/// Doc comment",
                                        ],
                                    ),
                                },
                            ),
                            attributes: [],
                            visibility: None,
                            name: Identifier {
                                span: 24..27,
                                name: "foo",
                            },
                            body: Some(
                                StatementList {
                                    span: 38..49,
                                    extras: ItemExtras {
                                        leading: [],
                                        trailing: [],
                                    },
                                    statements: [
                                        (
                                            LocalAssignment(
                                                LocalAssignment {
                                                    span: 38..43,
                                                    extras: ItemExtras {
                                                        leading: [],
                                                        trailing: [],
                                                    },
                                                    attributes: [],
                                                    name: Identifier {
                                                        span: 38..39,
                                                        name: "a",
                                                    },
                                                    ty: None,
                                                    value: Literal(
                                                        Literal {
                                                            span: 42..43,
                                                            extras: ItemExtras {
                                                                leading: [],
                                                                trailing: [],
                                                            },
                                                            literal: Integer(
                                                                IntegerLiteral {
                                                                    span: 42..43,
                                                                    value: 1,
                                                                    raw: "1",
                                                                },
                                                            ),
                                                        },
                                                    ),
                                                },
                                            ),
                                            Some(
                                                "\n    ",
                                            ),
                                        ),
                                    ],
                                    tail: None,
                                },
                            ),
                        },
                    ),
                    None,
                ),
            ],
            tail: None,
        },
    },
)
