---
source: crates/syntax/tests/parser.rs
expression: parser().parse(input).into_result()
---
Ok(
    SourceFile {
        span: 35..36,
        statements: StatementList {
            span: 35..36,
            statements: [],
            tail: Some(
                Literal(
                    String(
                        StringContent {
                            span: 35..36,
                            content: "string \" with \" escaped \\ quotes",
                        },
                    ),
                ),
            ),
        },
    },
)
