---
source: crates/syntax/tests/parser.rs
expression: parse(tokens.as_slice())
---
Ok(
    SourceFile {
        span: 0..12,
        statements: StatementList {
            span: 0..12,
            statements: [],
            tail: Some(
                NamedTuple(
                    NamedTupleExpression {
                        span: 0..12,
                        values: {
                            Identifier {
                                span: 1..7,
                                name: "length",
                            }: Literal(
                                Integer(
                                    IntegerLiteral {
                                        span: 10..11,
                                        value: 1,
                                    },
                                ),
                            ),
                        },
                    },
                ),
            ),
        },
    },
)
