---
source: crates/syntax/tests/parser.rs
expression: parse(tokens.as_slice())
---
Ok(
    SourceFile {
        span: 0..46,
        statements: StatementList {
            span: 0..46,
            statements: [],
            tail: Some(
                If(
                    If {
                        span: 0..46,
                        condition: BinaryOperation(
                            BinaryOperation {
                                span: 3..8,
                                lhs: Identifier(
                                    Identifier {
                                        span: 3..4,
                                        name: "a",
                                    },
                                ),
                                operation: GreaterThan,
                                rhs: Literal(
                                    Integer(
                                        IntegerLiteral {
                                            span: 7..8,
                                            value: 1,
                                        },
                                    ),
                                ),
                            },
                        ),
                        body: StatementList {
                            span: 11..12,
                            statements: [],
                            tail: Some(
                                Literal(
                                    Integer(
                                        IntegerLiteral {
                                            span: 11..12,
                                            value: 3,
                                        },
                                    ),
                                ),
                            ),
                        },
                        next_if: Some(
                            If {
                                span: 20..46,
                                condition: BinaryOperation(
                                    BinaryOperation {
                                        span: 23..29,
                                        lhs: Identifier(
                                            Identifier {
                                                span: 23..24,
                                                name: "a",
                                            },
                                        ),
                                        operation: LessThan,
                                        rhs: Literal(
                                            Integer(
                                                IntegerLiteral {
                                                    span: 27..29,
                                                    value: -1,
                                                },
                                            ),
                                        ),
                                    },
                                ),
                                body: StatementList {
                                    span: 32..33,
                                    statements: [],
                                    tail: Some(
                                        Literal(
                                            Integer(
                                                IntegerLiteral {
                                                    span: 32..33,
                                                    value: 1,
                                                },
                                            ),
                                        ),
                                    ),
                                },
                                next_if: None,
                                else_body: Some(
                                    StatementList {
                                        span: 43..44,
                                        statements: [],
                                        tail: Some(
                                            Literal(
                                                Integer(
                                                    IntegerLiteral {
                                                        span: 43..44,
                                                        value: 0,
                                                    },
                                                ),
                                            ),
                                        ),
                                    },
                                ),
                            },
                        ),
                        else_body: None,
                    },
                ),
            ),
        },
    },
)
