---
source: crates/syntax/tests/parser.rs
expression: parse(tokens.as_slice())
---
Ok(
    SourceFile {
        span: 0..5,
        statements: StatementList {
            span: 0..5,
            statements: [],
            tail: Some(
                ExpressionStatement {
                    span: 0..5,
                    attributes: [],
                    expression: Call(
                        Call {
                            span: 0..5,
                            name: QualifiedName {
                                span: 0..3,
                                parts: [
                                    Identifier {
                                        span: 0..3,
                                        name: "foo",
                                    },
                                ],
                            },
                            arguments: ArgumentList {
                                span: 3..5,
                                arguments: [],
                            },
                        },
                    ),
                },
            ),
        },
    },
)
