---
source: crates/syntax/tests/parser.rs
expression: parser().parse(input).into_result()
---
Ok(
    SourceFile {
        span: 13..14,
        statements: StatementList {
            span: 13..14,
            statements: [],
            tail: Some(
                Literal(
                    String(
                        StringContent {
                            span: 13..14,
                            content: "plain string",
                        },
                    ),
                ),
            ),
        },
    },
)
