---
source: crates/syntax/tests/parser.rs
expression: parser().parse(input).into_result()
---
Err(
    [
        found 'LiteralString(
            [
                SpannedToken {
                    span: 5..32,
                    token: Content(
                        "plain string int expression",
                    ),
                },
            ],
        )' at 32..33 expected expression,
    ],
)
