---
source: crates/syntax/tests/parser.rs
expression: parse(tokens.as_slice())
---
Ok(
    SourceFile {
        span: 0..3,
        statements: StatementList {
            span: 0..3,
            statements: [],
            tail: Some(
                Literal(
                    Integer(
                        IntegerLiteral {
                            span: 1..2,
                            value: 1,
                        },
                    ),
                ),
            ),
        },
    },
)
