---
source: crates/syntax/tests/parser.rs
expression: parse(tokens.as_slice())
---
Ok(
    SourceFile {
        span: 0..3,
        statements: StatementList {
            span: 0..3,
            statements: [],
            tail: Some(
                ExpressionStatement {
                    span: 0..3,
                    attributes: [],
                    expression: Literal(
                        Float(
                            FloatLiteral {
                                span: 0..3,
                                value: 1.2,
                            },
                        ),
                    ),
                },
            ),
        },
    },
)
