---
source: crates/syntax/tests/parser.rs
expression: parser().parse(input).into_result()
---
Ok(
    SourceFile {
        span: 0..10,
        statements: StatementList {
            span: 0..10,
            statements: [
                Assignment(
                    Assignment {
                        span: 0..9,
                        name: Identifier {
                            span: 0..1,
                            name: "a",
                        },
                        ty: None,
                        value: BinaryOperation(
                            BinaryOperation {
                                span: 4..9,
                                lhs: Identifier(
                                    Identifier {
                                        span: 4..5,
                                        name: "b",
                                    },
                                ),
                                operation: Multiply,
                                rhs: Literal(
                                    Integer(
                                        IntegerLiteral {
                                            span: 8..9,
                                            value: 2,
                                        },
                                    ),
                                ),
                            },
                        ),
                    },
                ),
            ],
            tail: None,
        },
    },
)
