---
source: crates/syntax/tests/parser.rs
expression: parse(tokens.as_slice())
---
Ok(
    SourceFile {
        span: 0..17,
        statements: StatementList {
            span: 0..17,
            statements: [],
            tail: Some(
                ExpressionStatement {
                    span: 0..17,
                    attributes: [],
                    expression: Call(
                        Call {
                            span: 0..17,
                            name: QualifiedName {
                                span: 0..3,
                                parts: [
                                    Identifier {
                                        span: 0..3,
                                        name: "foo",
                                    },
                                ],
                            },
                            arguments: ArgumentList {
                                span: 4..16,
                                leading_comment: Some(
                                    Comment {
                                        span: 4..16,
                                        comment: "/* foobar */",
                                    },
                                ),
                                arguments: [],
                            },
                        },
                    ),
                },
            ),
            tail_comment: None,
        },
    },
)
