---
source: crates/syntax/tests/parser.rs
expression: parse(tokens.as_slice())
---
Ok(
    SourceFile {
        span: 25..26,
        statements: StatementList {
            span: 25..26,
            statements: [],
            tail: Some(
                String(
                    FormatString {
                        span: 25..26,
                        parts: [
                            Content(
                                StringContent {
                                    span: 1..8,
                                    content: "string ",
                                },
                            ),
                            Expression(
                                StringExpression {
                                    span: 13..14,
                                    expression: QualifiedName(
                                        QualifiedName {
                                            span: 9..13,
                                            parts: [
                                                Identifier {
                                                    span: 9..13,
                                                    name: "with",
                                                },
                                            ],
                                        },
                                    ),
                                    accuracy: None,
                                    width: None,
                                },
                            ),
                            Content(
                                StringContent {
                                    span: 14..25,
                                    content: " expression",
                                },
                            ),
                        ],
                    },
                ),
            ),
        },
    },
)
