---
source: crates/syntax/tests/tokenizer.rs
expression: lex(input)
---
[
    SpannedToken {
        span: 13..14,
        token: Normal(
            Quote(
                String(
                    [
                        SpannedToken {
                            span: 1..13,
                            token: String(
                                Content(
                                    "plain string",
                                ),
                            ),
                        },
                    ],
                ),
            ),
        ),
    },
]
