---
source: crates/syntax/tests/tokenizer.rs
expression: lex(input)
---
[
    SpannedToken {
        span: 0..1,
        token: Identifier(
            "a",
        ),
    },
    SpannedToken {
        span: 2..3,
        token: OperatorAssignment,
    },
    SpannedToken {
        span: 4..20,
        token: Error(
            UnclosedStringFormat(
                4..20,
            ),
        ),
    },
    SpannedToken {
        span: 20..21,
        token: SigilSemiColon,
    },
    SpannedToken {
        span: 22..23,
        token: Identifier(
            "b",
        ),
    },
    SpannedToken {
        span: 24..25,
        token: OperatorAssignment,
    },
    SpannedToken {
        span: 26..27,
        token: LiteralInt(
            "1",
        ),
    },
]
