---
source: crates/syntax/tests/tokenizer.rs
expression: lex(input)
---
[
    SpannedToken {
        span: 35..36,
        token: Normal(
            Quote(
                String(
                    [
                        SpannedToken {
                            span: 1..8,
                            token: String(
                                Content(
                                    "string ",
                                ),
                            ),
                        },
                        SpannedToken {
                            span: 23..24,
                            token: String(
                                FormatStart(
                                    [
                                        SpannedToken {
                                            span: 9..13,
                                            token: Normal(
                                                Identifier(
                                                    "more",
                                                ),
                                            ),
                                        },
                                        SpannedToken {
                                            span: 14..15,
                                            token: Normal(
                                                OperatorAdd,
                                            ),
                                        },
                                        SpannedToken {
                                            span: 16..23,
                                            token: Normal(
                                                Identifier(
                                                    "complex",
                                                ),
                                            ),
                                        },
                                    ],
                                ),
                            ),
                        },
                        SpannedToken {
                            span: 24..35,
                            token: String(
                                Content(
                                    " expression",
                                ),
                            ),
                        },
                    ],
                ),
            ),
        ),
    },
]
