---
source: crates/syntax/tests/tokenizer.rs
expression: lex(input)
---
[
    SpannedToken {
        span: 0..1,
        token: LiteralInt(
            "1",
        ),
    },
    SpannedToken {
        span: 2..3,
        token: OperatorAdd,
    },
    SpannedToken {
        span: 4..5,
        token: LiteralInt(
            "1",
        ),
    },
]
