---
source: crates/lang-parse/tests/lexer.rs
expression: "lex(input).collect::<Vec<_>>()"
---
[
    Spanned {
        span: 0..1,
        value: Identifier(
            "a",
        ),
    },
    Spanned {
        span: 1..2,
        value: Whitespace(
            " ",
        ),
    },
    Spanned {
        span: 2..3,
        value: OperatorAssignment,
    },
    Spanned {
        span: 3..4,
        value: Whitespace(
            " ",
        ),
    },
    Spanned {
        span: 4..6,
        value: LiteralString(
            "",
        ),
    },
]
