---
source: crates/lang-parse/tests/parser.rs
expression: output
---
(
    header: (
        magic: (38, 109, 117, 59),
        version: ("0.6.0"),
        kind: Ast,
    ),
    payload: (
        input_hash: "0x6bd7a5e0f215f2f2",
        output_hash: "0xa86f59dbe1eb55a4",
        tree: (
            span: (
                start: 0,
                end: 32,
            ),
            statements: (
                span: (
                    start: 0,
                    end: 32,
                ),
                extras: (
                    leading: ([]),
                    trailing: ([]),
                ),
                statements: [
                    (Const((
                        span: (
                            start: 0,
                            end: 31,
                        ),
                        keyword_span: (
                            start: 20,
                            end: 25,
                        ),
                        extras: (
                            leading: ([]),
                            trailing: ([]),
                        ),
                        doc: (
                            span: (
                                start: 0,
                                end: 20,
                            ),
                            lines: [
                                "/// Doc comment",
                            ],
                        ),
                        attr: ([]),
                        vis: None,
                        id: (
                            span: (
                                start: 26,
                                end: 27,
                            ),
                            name: "A",
                        ),
                        ty: None,
                        expr: Literal((
                            span: (
                                start: 30,
                                end: 31,
                            ),
                            extras: (
                                leading: ([]),
                                trailing: ([]),
                            ),
                            literal: Integer((
                                span: (
                                    start: 30,
                                    end: 31,
                                ),
                                value: 1,
                                raw: "1",
                            )),
                        )),
                    )), ([])),
                ],
                tail: None,
            ),
        ),
    ),
)
---
