---
source: crates/lang-parse/tests/parser.rs
expression: output
---
(
    header: (
        magic: (38, 109, 117, 59),
        version: ("0.6.0"),
        kind: Ast,
    ),
    payload: (
        input_hash: "0xc5e7cf51f0aa3f80",
        output_hash: "0xc68f047a5c6553be",
        tree: (
            span: (
                start: 0,
                end: 10,
            ),
            statements: (
                span: (
                    start: 0,
                    end: 10,
                ),
                extras: (
                    leading: ([]),
                    trailing: ([]),
                ),
                statements: [],
                tail: Some((
                    span: (
                        start: 0,
                        end: 10,
                    ),
                    extras: (
                        leading: ([]),
                        trailing: ([]),
                    ),
                    attr: ([]),
                    expr: BinaryOperation((
                        span: (
                            start: 0,
                            end: 10,
                        ),
                        lhs: SymbolPath((
                            span: (
                                start: 0,
                                end: 7,
                            ),
                            extras: (
                                leading: ([]),
                                trailing: ([
                                    Whitespace((" ")),
                                ]),
                            ),
                            prefix: None,
                            parts: [
                                (
                                    span: (
                                        start: 0,
                                        end: 6,
                                    ),
                                    name: "length",
                                ),
                            ],
                        )),
                        op: (
                            span: (
                                start: 7,
                                end: 8,
                            ),
                            value: Add,
                        ),
                        rhs: Literal((
                            span: (
                                start: 9,
                                end: 10,
                            ),
                            extras: (
                                leading: ([]),
                                trailing: ([]),
                            ),
                            literal: Integer((
                                span: (
                                    start: 9,
                                    end: 10,
                                ),
                                value: "1",
                            )),
                        )),
                    )),
                )),
            ),
        ),
    ),
)
---
