---
source: crates/lang-parse/tests/parser.rs
expression: output
---
(
    header: (
        magic: (38, 109, 117, 59),
        version: ("0.6.0"),
        kind: Ast,
    ),
    payload: (
        input_hash: 10233056896018394822,
        tree: (
            inner: (
                span: (
                    start: 0,
                    end: 20,
                ),
                statements: (
                    span: (
                        start: 0,
                        end: 20,
                    ),
                    extras: (
                        leading: ([]),
                        trailing: ([]),
                    ),
                    statements: [
                        (LocalAssignment((
                            span: (
                                start: 0,
                                end: 19,
                            ),
                            extras: (
                                leading: ([]),
                                trailing: ([]),
                            ),
                            attr: ([
                                (
                                    span: (
                                        start: 0,
                                        end: 14,
                                    ),
                                    is_inner: false,
                                    extras: (
                                        leading: ([]),
                                        trailing: ([]),
                                    ),
                                    commands: [
                                        Ident((
                                            span: (
                                                start: 2,
                                                end: 8,
                                            ),
                                            name: "export",
                                        )),
                                    ],
                                ),
                            ]),
                            id: (
                                span: (
                                    start: 14,
                                    end: 15,
                                ),
                                name: "a",
                            ),
                            ty: None,
                            expr: Literal((
                                span: (
                                    start: 18,
                                    end: 19,
                                ),
                                extras: (
                                    leading: ([]),
                                    trailing: ([]),
                                ),
                                literal: Integer((
                                    span: (
                                        start: 18,
                                        end: 19,
                                    ),
                                    value: 1,
                                    raw: "1",
                                )),
                            )),
                        )), ([])),
                    ],
                    tail: None,
                ),
            ),
            hash: 17429184393384921408,
        ),
    ),
)
---
