---
source: crates/lang-parse/tests/parser.rs
expression: parse(input)
---
Ok(
    Program {
        span: 0..19,
        statements: StatementList {
            span: 0..19,
            extras: ItemExtras {
                leading: LeadingExtras(
                    [],
                ),
                trailing: TrailingExtras(
                    [],
                ),
            },
            statements: [],
            tail: Some(
                ExpressionStatement {
                    span: 0..19,
                    extras: ItemExtras {
                        leading: LeadingExtras(
                            [],
                        ),
                        trailing: TrailingExtras(
                            [],
                        ),
                    },
                    attr: [],
                    expr: Literal(
                        Literal {
                            span: 0..19,
                            extras: ItemExtras {
                                leading: LeadingExtras(
                                    [],
                                ),
                                trailing: TrailingExtras(
                                    [],
                                ),
                            },
                            literal: Error(
                                LiteralError {
                                    span: 0..19,
                                    kind: Int(
                                        ParseIntError {
                                            kind: PosOverflow,
                                        },
                                    ),
                                },
                            ),
                        },
                    ),
                },
            ),
        },
    },
)
