---
source: crates/lang-parse/tests/parser.rs
expression: output
---
(
    header: (
        magic: (38, 109, 117, 59),
        version: ("0.6.0"),
        kind: Ast,
    ),
    payload: (
        input_hash: 3616331958845031275,
        tree: (
            inner: (
                span: (
                    start: 0,
                    end: 12,
                ),
                statements: (
                    span: (
                        start: 0,
                        end: 12,
                    ),
                    extras: (
                        leading: ([]),
                        trailing: ([]),
                    ),
                    statements: [
                        (Const((
                            span: (
                                start: 0,
                                end: 11,
                            ),
                            keyword_span: (
                                start: 0,
                                end: 3,
                            ),
                            extras: (
                                leading: ([]),
                                trailing: ([]),
                            ),
                            doc: (
                                span: (
                                    start: 0,
                                    end: 12,
                                ),
                                lines: [],
                            ),
                            attr: ([]),
                            vis: Some((
                                span: (
                                    start: 0,
                                    end: 3,
                                ),
                                value: Public,
                            )),
                            id: (
                                span: (
                                    start: 4,
                                    end: 7,
                                ),
                                name: "FOO",
                            ),
                            ty: None,
                            expr: Literal((
                                span: (
                                    start: 10,
                                    end: 11,
                                ),
                                extras: (
                                    leading: ([]),
                                    trailing: ([]),
                                ),
                                literal: Integer((
                                    span: (
                                        start: 10,
                                        end: 11,
                                    ),
                                    value: 1,
                                    raw: "1",
                                )),
                            )),
                        )), ([])),
                    ],
                    tail: None,
                ),
            ),
            hash: 15267087244315663438,
        ),
    ),
)
---
