---
source: crates/lang-parse/tests/parser.rs
expression: output
---
(
    header: (
        magic: (38, 109, 117, 59),
        version: ("0.6.0"),
        kind: Ast,
    ),
    payload: (
        input_hash: "0xbe86ffcb612685ca",
        output_hash: "0x42c136769b292e78",
        tree: (
            span: (
                start: 0,
                end: 27,
            ),
            statements: (
                span: (
                    start: 0,
                    end: 27,
                ),
                extras: (
                    leading: ([
                        Comment((
                            span: (
                                start: 0,
                                end: 11,
                            ),
                            inner: SingleLine("// comment1"),
                        )),
                        Whitespace(("\n    ")),
                        Comment((
                            span: (
                                start: 16,
                                end: 27,
                            ),
                            inner: SingleLine("// comment2"),
                        )),
                    ]),
                    trailing: ([]),
                ),
                statements: [],
                tail: None,
            ),
        ),
    ),
)
---
