---
source: crates/lang-parse/tests/parser.rs
expression: output
---
(
    header: (
        magic: (38, 109, 117, 59),
        version: ("0.6.0"),
        kind: Ast,
    ),
    payload: (
        input_hash: "0x113bdd01c3530f7b",
        output_hash: "0xd164770364e7a45a",
        tree: (
            span: (
                start: 0,
                end: 8,
            ),
            statements: (
                span: (
                    start: 0,
                    end: 8,
                ),
                extras: (
                    leading: ([]),
                    trailing: ([]),
                ),
                statements: [],
                tail: Some((
                    span: (
                        start: 0,
                        end: 8,
                    ),
                    extras: (
                        leading: ([]),
                        trailing: ([]),
                    ),
                    attr: ([]),
                    expr: ElementAccess((
                        span: (
                            start: 0,
                            end: 8,
                        ),
                        expr: Body((
                            span: (
                                start: 0,
                                end: 2,
                            ),
                            statements: (
                                span: (
                                    start: 1,
                                    end: 1,
                                ),
                                extras: (
                                    leading: ([]),
                                    trailing: ([]),
                                ),
                                statements: [],
                                tail: None,
                            ),
                        )),
                        element_chain: [
                            (
                                span: (
                                    start: 2,
                                    end: 8,
                                ),
                                extras: (
                                    leading: ([]),
                                    trailing: ([]),
                                ),
                                inner: Method((
                                    span: (
                                        start: 3,
                                        end: 8,
                                    ),
                                    extras: (
                                        leading: ([]),
                                        trailing: ([]),
                                    ),
                                    name: (
                                        span: (
                                            start: 3,
                                            end: 6,
                                        ),
                                        extras: (
                                            leading: ([]),
                                            trailing: ([]),
                                        ),
                                        prefix: None,
                                        parts: [
                                            (
                                                span: (
                                                    start: 3,
                                                    end: 6,
                                                ),
                                                name: "foo",
                                            ),
                                        ],
                                    ),
                                    arguments: (
                                        span: (
                                            start: 7,
                                            end: 7,
                                        ),
                                        extras: (
                                            leading: ([]),
                                            trailing: ([]),
                                        ),
                                        arguments: [],
                                    ),
                                )),
                            ),
                        ],
                    )),
                )),
            ),
        ),
    ),
)
---
