---
source: crates/lang-parse/tests/parser.rs
expression: output
---
(
    header: (
        magic: (38, 109, 117, 59),
        version: ("0.6.0"),
        kind: Ast,
    ),
    payload: (
        input_hash: 7275310215853396098,
        tree: (
            inner: (
                span: (
                    start: 0,
                    end: 26,
                ),
                statements: (
                    span: (
                        start: 0,
                        end: 26,
                    ),
                    extras: (
                        leading: ([]),
                        trailing: ([]),
                    ),
                    statements: [],
                    tail: Some((
                        span: (
                            start: 0,
                            end: 26,
                        ),
                        extras: (
                            leading: ([]),
                            trailing: ([]),
                        ),
                        attr: ([]),
                        expr: String((
                            span: (
                                start: 0,
                                end: 26,
                            ),
                            extras: (
                                leading: ([]),
                                trailing: ([]),
                            ),
                            parts: [
                                Content((
                                    span: (
                                        start: 1,
                                        end: 8,
                                    ),
                                    content: "string ",
                                )),
                                Expression((
                                    span: (
                                        start: 13,
                                        end: 14,
                                    ),
                                    extras: (
                                        leading: ([]),
                                        trailing: ([]),
                                    ),
                                    expr: QualifiedName((
                                        span: (
                                            start: 9,
                                            end: 13,
                                        ),
                                        extras: (
                                            leading: ([]),
                                            trailing: ([]),
                                        ),
                                        parts: [
                                            (
                                                span: (
                                                    start: 9,
                                                    end: 13,
                                                ),
                                                name: "with",
                                            ),
                                        ],
                                    )),
                                )),
                                Content((
                                    span: (
                                        start: 14,
                                        end: 25,
                                    ),
                                    content: " expression",
                                )),
                            ],
                        )),
                    )),
                ),
            ),
            hash: 7896566536323234658,
        ),
    ),
)
---
