---
source: crates/lang-parse/tests/parser.rs
expression: output
---
(
    header: (
        magic: (38, 109, 117, 59),
        version: ("0.6.0"),
        kind: Ast,
    ),
    payload: (
        input_hash: "0xbdf55651d8e440d5",
        output_hash: "0xd714f14635df6b1a",
        tree: (
            span: (
                start: 0,
                end: 38,
            ),
            statements: (
                span: (
                    start: 0,
                    end: 38,
                ),
                extras: (
                    leading: ([]),
                    trailing: ([]),
                ),
                statements: [],
                tail: Some((
                    span: (
                        start: 0,
                        end: 38,
                    ),
                    extras: (
                        leading: ([]),
                        trailing: ([]),
                    ),
                    attr: ([]),
                    expr: Call((
                        span: (
                            start: 0,
                            end: 38,
                        ),
                        extras: (
                            leading: ([]),
                            trailing: ([]),
                        ),
                        path: (
                            span: (
                                start: 0,
                                end: 3,
                            ),
                            extras: (
                                leading: ([]),
                                trailing: ([]),
                            ),
                            prefix: None,
                            parts: [
                                (
                                    span: (
                                        start: 0,
                                        end: 3,
                                    ),
                                    name: "foo",
                                ),
                            ],
                        ),
                        arguments: (
                            span: (
                                start: 4,
                                end: 37,
                            ),
                            extras: (
                                leading: ([
                                    Whitespace(("\n        ")),
                                ]),
                                trailing: ([]),
                            ),
                            arguments: [
                                Unnamed((
                                    span: (
                                        start: 13,
                                        end: 14,
                                    ),
                                    extras: (
                                        leading: ([]),
                                        trailing: ([]),
                                    ),
                                    expr: Literal((
                                        span: (
                                            start: 13,
                                            end: 14,
                                        ),
                                        extras: (
                                            leading: ([]),
                                            trailing: ([]),
                                        ),
                                        literal: Integer((
                                            span: (
                                                start: 13,
                                                end: 14,
                                            ),
                                            value: "1",
                                        )),
                                    )),
                                )),
                                Unnamed((
                                    span: (
                                        start: 16,
                                        end: 37,
                                    ),
                                    extras: (
                                        leading: ([
                                            Comment((
                                                span: (
                                                    start: 16,
                                                    end: 22,
                                                ),
                                                inner: SingleLine("// foo"),
                                            )),
                                            Whitespace(("\n        ")),
                                        ]),
                                        trailing: ([]),
                                    ),
                                    expr: Literal((
                                        span: (
                                            start: 31,
                                            end: 37,
                                        ),
                                        extras: (
                                            leading: ([]),
                                            trailing: ([
                                                Whitespace(("\n    ")),
                                            ]),
                                        ),
                                        literal: Integer((
                                            span: (
                                                start: 31,
                                                end: 32,
                                            ),
                                            value: "2",
                                        )),
                                    )),
                                )),
                            ],
                        ),
                    )),
                )),
            ),
        ),
    ),
)
---
