---
source: crates/lang-parse/tests/parser.rs
expression: output
---
(
    header: (
        magic: (38, 109, 117, 59),
        version: ("0.6.0"),
        kind: Ast,
    ),
    payload: (
        input_hash: 16215113732082179544,
        tree: (
            inner: (
                span: (
                    start: 0,
                    end: 13,
                ),
                statements: (
                    span: (
                        start: 0,
                        end: 13,
                    ),
                    extras: (
                        leading: ([]),
                        trailing: ([]),
                    ),
                    statements: [],
                    tail: Some((
                        span: (
                            start: 0,
                            end: 13,
                        ),
                        extras: (
                            leading: ([]),
                            trailing: ([]),
                        ),
                        attr: ([]),
                        expr: Tuple((
                            span: (
                                start: 0,
                                end: 13,
                            ),
                            extras: (
                                leading: ([]),
                                trailing: ([]),
                            ),
                            values: [
                                (
                                    span: (
                                        start: 1,
                                        end: 11,
                                    ),
                                    extras: (
                                        leading: ([]),
                                        trailing: ([]),
                                    ),
                                    id: Some((
                                        span: (
                                            start: 1,
                                            end: 7,
                                        ),
                                        name: "length",
                                    )),
                                    expr: Literal((
                                        span: (
                                            start: 10,
                                            end: 11,
                                        ),
                                        extras: (
                                            leading: ([]),
                                            trailing: ([]),
                                        ),
                                        literal: Integer((
                                            span: (
                                                start: 10,
                                                end: 11,
                                            ),
                                            value: 1,
                                            raw: "1",
                                        )),
                                    )),
                                ),
                            ],
                        )),
                    )),
                ),
            ),
            hash: 13714503607108934549,
        ),
    ),
)
---
