---
source: crates/lang-parse/tests/parser.rs
expression: output
---
(
    header: (
        magic: (38, 109, 117, 59),
        version: ("0.6.0"),
        kind: Ast,
    ),
    payload: (
        input_hash: 1301913728171244014,
        tree: (
            inner: (
                span: (
                    start: 0,
                    end: 3,
                ),
                statements: (
                    span: (
                        start: 0,
                        end: 3,
                    ),
                    extras: (
                        leading: ([]),
                        trailing: ([]),
                    ),
                    statements: [],
                    tail: Some((
                        span: (
                            start: 0,
                            end: 3,
                        ),
                        extras: (
                            leading: ([]),
                            trailing: ([]),
                        ),
                        attr: ([]),
                        expr: Literal((
                            span: (
                                start: 0,
                                end: 3,
                            ),
                            extras: (
                                leading: ([]),
                                trailing: ([]),
                            ),
                            literal: Quantity((
                                span: (
                                    start: 0,
                                    end: 3,
                                ),
                                value: 1.0,
                                raw: "1",
                                unit: (
                                    span: (
                                        start: 1,
                                        end: 3,
                                    ),
                                    name: "mm",
                                ),
                            )),
                        )),
                    )),
                ),
            ),
            hash: 12221477898303434548,
        ),
    ),
)
---
