---
source: crates/lang-parse/tests/parser.rs
expression: output
---
(
    header: (
        magic: (38, 109, 117, 59),
        version: ("0.6.0"),
        kind: Ast,
    ),
    payload: (
        input_hash: "0xb8756f879f83903d",
        output_hash: "0x2f7f693360a495c4",
        tree: (
            span: (
                start: 0,
                end: 46,
            ),
            statements: (
                span: (
                    start: 0,
                    end: 46,
                ),
                extras: (
                    leading: ([]),
                    trailing: ([]),
                ),
                statements: [
                    (Function((
                        span: (
                            start: 0,
                            end: 46,
                        ),
                        keyword_span: (
                            start: 20,
                            end: 22,
                        ),
                        extras: (
                            leading: ([]),
                            trailing: ([]),
                        ),
                        doc: (
                            span: (
                                start: 0,
                                end: 20,
                            ),
                            lines: [
                                "/// Doc comment",
                            ],
                        ),
                        attr: ([]),
                        vis: None,
                        id: (
                            span: (
                                start: 23,
                                end: 26,
                            ),
                            name: "Foo",
                        ),
                        parameters: (
                            span: (
                                start: 27,
                                end: 27,
                            ),
                            extras: (
                                leading: ([]),
                                trailing: ([]),
                            ),
                            parameters: [],
                        ),
                        return_type: None,
                        body: (
                            span: (
                                start: 29,
                                end: 46,
                            ),
                            statements: (
                                span: (
                                    start: 30,
                                    end: 45,
                                ),
                                extras: (
                                    leading: ([
                                        Whitespace(("\n        ")),
                                    ]),
                                    trailing: ([]),
                                ),
                                statements: [],
                                tail: Some((
                                    span: (
                                        start: 39,
                                        end: 45,
                                    ),
                                    extras: (
                                        leading: ([]),
                                        trailing: ([]),
                                    ),
                                    attr: ([]),
                                    expr: Literal((
                                        span: (
                                            start: 39,
                                            end: 45,
                                        ),
                                        extras: (
                                            leading: ([]),
                                            trailing: ([
                                                Whitespace(("\n    ")),
                                            ]),
                                        ),
                                        literal: Integer((
                                            span: (
                                                start: 39,
                                                end: 40,
                                            ),
                                            value: "1",
                                        )),
                                    )),
                                )),
                            ),
                        ),
                    )), ([])),
                ],
                tail: None,
            ),
        ),
    ),
)
---
