---
source: crates/lang-parse/tests/parser.rs
expression: output
---
(
    header: (
        magic: (38, 109, 117, 59),
        version: ("0.6.0"),
        kind: Ast,
    ),
    payload: (
        input_hash: "0x9357778ba5f1ae27",
        output_hash: "0xdc105060f5e90d49",
        tree: (
            span: (
                start: 0,
                end: 27,
            ),
            statements: (
                span: (
                    start: 0,
                    end: 27,
                ),
                extras: (
                    leading: ([]),
                    trailing: ([]),
                ),
                statements: [
                    (Expression((
                        span: (
                            start: 0,
                            end: 26,
                        ),
                        extras: (
                            leading: ([]),
                            trailing: ([]),
                        ),
                        attr: ([
                            (
                                span: (
                                    start: 0,
                                    end: 25,
                                ),
                                is_inner: false,
                                extras: (
                                    leading: ([]),
                                    trailing: ([]),
                                ),
                                commands: [
                                    Assignment((
                                        span: (
                                            start: 2,
                                            end: 19,
                                        ),
                                        extras: (
                                            leading: ([]),
                                            trailing: ([]),
                                        ),
                                        attr: ([]),
                                        id: (
                                            span: (
                                                start: 2,
                                                end: 7,
                                            ),
                                            name: "color",
                                        ),
                                        ty: None,
                                        expr: Literal((
                                            span: (
                                                start: 10,
                                                end: 19,
                                            ),
                                            extras: (
                                                leading: ([]),
                                                trailing: ([]),
                                            ),
                                            literal: String((
                                                span: (
                                                    start: 10,
                                                    end: 19,
                                                ),
                                                content: "#FF00FF",
                                            )),
                                        )),
                                    )),
                                ],
                            ),
                        ]),
                        expr: Literal((
                            span: (
                                start: 25,
                                end: 26,
                            ),
                            extras: (
                                leading: ([]),
                                trailing: ([]),
                            ),
                            literal: Integer((
                                span: (
                                    start: 25,
                                    end: 26,
                                ),
                                value: 1,
                                raw: "1",
                            )),
                        )),
                    )), ([])),
                ],
                tail: None,
            ),
        ),
    ),
)
---
